// Jest Snapshot v1, https://goo.gl/fbAQLP

exports[`<Nav/> shows the correct number of cart entries 1`] = `
<div
  className="count CartCount__Dot-xxvp4g-1 dUHOkR"
>
  9
</div>
`;

exports[`<Nav/> shows the sign-in option when the user is not logged in 1`] = `
<ul
  className="NavStyles-sc-11c0d2g-0 bjCNSW"
  data-test="nav"
>
  <Link
    href="/items"
  >
    <a
      href="/items"
      onClick={[Function]}
    >
      Shop
    </a>
  </Link>
  <Link
    href="/signup"
  >
    <a
      href="/signup"
      onClick={[Function]}
    >
      Sign in
    </a>
  </Link>
</ul>
`;
